Archive member included to satisfy reference by file (symbol)

c:/siliconlabs/simplicitystudio/v4/developer/toolchains/gnu_arm/7.2_2017q4/bin/../lib/gcc/arm-none-eabi/7.2.1/thumb/v7e-m/fpv4-sp/softfp\libgcc.a(_aeabi_uldivmod.o)
                              ./emlib/em_usart.o (__aeabi_uldivmod)
c:/siliconlabs/simplicitystudio/v4/developer/toolchains/gnu_arm/7.2_2017q4/bin/../lib/gcc/arm-none-eabi/7.2.1/thumb/v7e-m/fpv4-sp/softfp\libgcc.a(_udivmoddi4.o)
                              c:/siliconlabs/simplicitystudio/v4/developer/toolchains/gnu_arm/7.2_2017q4/bin/../lib/gcc/arm-none-eabi/7.2.1/thumb/v7e-m/fpv4-sp/softfp\libgcc.a(_aeabi_uldivmod.o) (__udivmoddi4)
c:/siliconlabs/simplicitystudio/v4/developer/toolchains/gnu_arm/7.2_2017q4/bin/../lib/gcc/arm-none-eabi/7.2.1/thumb/v7e-m/fpv4-sp/softfp\libgcc.a(_dvmd_tls.o)
                              c:/siliconlabs/simplicitystudio/v4/developer/toolchains/gnu_arm/7.2_2017q4/bin/../lib/gcc/arm-none-eabi/7.2.1/thumb/v7e-m/fpv4-sp/softfp\libgcc.a(_aeabi_uldivmod.o) (__aeabi_ldiv0)
c:/siliconlabs/simplicitystudio/v4/developer/toolchains/gnu_arm/7.2_2017q4/bin/../lib/gcc/arm-none-eabi/7.2.1/../../../../arm-none-eabi/lib/thumb/v7e-m/fpv4-sp/softfp\libc_nano.a(lib_a-exit.o)
                              c:/siliconlabs/simplicitystudio/v4/developer/toolchains/gnu_arm/7.2_2017q4/bin/../lib/gcc/arm-none-eabi/7.2.1/../../../../arm-none-eabi/lib/thumb/v7e-m/fpv4-sp/softfp/crt0.o (exit)
c:/siliconlabs/simplicitystudio/v4/developer/toolchains/gnu_arm/7.2_2017q4/bin/../lib/gcc/arm-none-eabi/7.2.1/../../../../arm-none-eabi/lib/thumb/v7e-m/fpv4-sp/softfp\libc_nano.a(lib_a-impure.o)
                              c:/siliconlabs/simplicitystudio/v4/developer/toolchains/gnu_arm/7.2_2017q4/bin/../lib/gcc/arm-none-eabi/7.2.1/../../../../arm-none-eabi/lib/thumb/v7e-m/fpv4-sp/softfp\libc_nano.a(lib_a-exit.o) (_global_impure_ptr)
c:/siliconlabs/simplicitystudio/v4/developer/toolchains/gnu_arm/7.2_2017q4/bin/../lib/gcc/arm-none-eabi/7.2.1/../../../../arm-none-eabi/lib/thumb/v7e-m/fpv4-sp/softfp\libc_nano.a(lib_a-init.o)
                              c:/siliconlabs/simplicitystudio/v4/developer/toolchains/gnu_arm/7.2_2017q4/bin/../lib/gcc/arm-none-eabi/7.2.1/../../../../arm-none-eabi/lib/thumb/v7e-m/fpv4-sp/softfp/crt0.o (__libc_init_array)
c:/siliconlabs/simplicitystudio/v4/developer/toolchains/gnu_arm/7.2_2017q4/bin/../lib/gcc/arm-none-eabi/7.2.1/../../../../arm-none-eabi/lib/thumb/v7e-m/fpv4-sp/softfp\libc_nano.a(lib_a-memcpy-stub.o)
                              ./emlib/em_crypto.o (memcpy)
c:/siliconlabs/simplicitystudio/v4/developer/toolchains/gnu_arm/7.2_2017q4/bin/../lib/gcc/arm-none-eabi/7.2.1/../../../../arm-none-eabi/lib/thumb/v7e-m/fpv4-sp/softfp\libc_nano.a(lib_a-memset.o)
                              c:/siliconlabs/simplicitystudio/v4/developer/toolchains/gnu_arm/7.2_2017q4/bin/../lib/gcc/arm-none-eabi/7.2.1/../../../../arm-none-eabi/lib/thumb/v7e-m/fpv4-sp/softfp/crt0.o (memset)
c:/siliconlabs/simplicitystudio/v4/developer/toolchains/gnu_arm/7.2_2017q4/bin/../lib/gcc/arm-none-eabi/7.2.1/../../../../arm-none-eabi/lib/thumb/v7e-m/fpv4-sp/softfp\libnosys.a(_exit.o)
                              c:/siliconlabs/simplicitystudio/v4/developer/toolchains/gnu_arm/7.2_2017q4/bin/../lib/gcc/arm-none-eabi/7.2.1/../../../../arm-none-eabi/lib/thumb/v7e-m/fpv4-sp/softfp\libc_nano.a(lib_a-exit.o) (_exit)

Discarded input sections

 .text          0x00000000        0x0 c:/siliconlabs/simplicitystudio/v4/developer/toolchains/gnu_arm/7.2_2017q4/bin/../lib/gcc/arm-none-eabi/7.2.1/thumb/v7e-m/fpv4-sp/softfp/crti.o
 .data          0x00000000        0x0 c:/siliconlabs/simplicitystudio/v4/developer/toolchains/gnu_arm/7.2_2017q4/bin/../lib/gcc/arm-none-eabi/7.2.1/thumb/v7e-m/fpv4-sp/softfp/crti.o
 .bss           0x00000000        0x0 c:/siliconlabs/simplicitystudio/v4/developer/toolchains/gnu_arm/7.2_2017q4/bin/../lib/gcc/arm-none-eabi/7.2.1/thumb/v7e-m/fpv4-sp/softfp/crti.o
 .data          0x00000000        0x4 c:/siliconlabs/simplicitystudio/v4/developer/toolchains/gnu_arm/7.2_2017q4/bin/../lib/gcc/arm-none-eabi/7.2.1/thumb/v7e-m/fpv4-sp/softfp/crtbegin.o
 .data          0x00000000        0x0 c:/siliconlabs/simplicitystudio/v4/developer/toolchains/gnu_arm/7.2_2017q4/bin/../lib/gcc/arm-none-eabi/7.2.1/../../../../arm-none-eabi/lib/thumb/v7e-m/fpv4-sp/softfp/crt0.o
 .bss           0x00000000        0x0 c:/siliconlabs/simplicitystudio/v4/developer/toolchains/gnu_arm/7.2_2017q4/bin/../lib/gcc/arm-none-eabi/7.2.1/../../../../arm-none-eabi/lib/thumb/v7e-m/fpv4-sp/softfp/crt0.o
 .ARM.extab     0x00000000        0x0 c:/siliconlabs/simplicitystudio/v4/developer/toolchains/gnu_arm/7.2_2017q4/bin/../lib/gcc/arm-none-eabi/7.2.1/../../../../arm-none-eabi/lib/thumb/v7e-m/fpv4-sp/softfp/crt0.o
 .data          0x00000000        0x0 ./CMSIS/EFM32PG12B/startup_gcc_efm32pg12b.o
 .bss           0x00000000        0x0 ./CMSIS/EFM32PG12B/startup_gcc_efm32pg12b.o
[...]
Memory Configuration

Name             Origin             Length             Attributes
FLASH            0x00000000         0x00100000         xr
RAM              0x20000000         0x00040000         xrw
*default*        0x00000000         0xffffffff

Linker script and memory map

LOAD c:/siliconlabs/simplicitystudio/v4/developer/toolchains/gnu_arm/7.2_2017q4/bin/../lib/gcc/arm-none-eabi/7.2.1/thumb/v7e-m/fpv4-sp/softfp/crti.o
LOAD c:/siliconlabs/simplicitystudio/v4/developer/toolchains/gnu_arm/7.2_2017q4/bin/../lib/gcc/arm-none-eabi/7.2.1/thumb/v7e-m/fpv4-sp/softfp/crtbegin.o
LOAD c:/siliconlabs/simplicitystudio/v4/developer/toolchains/gnu_arm/7.2_2017q4/bin/../lib/gcc/arm-none-eabi/7.2.1/../../../../arm-none-eabi/lib/thumb/v7e-m/fpv4-sp/softfp/crt0.o
LOAD ./CMSIS/EFM32PG12B/startup_gcc_efm32pg12b.o
LOAD ./CMSIS/EFM32PG12B/system_efm32pg12b.o
LOAD ./emlib/em_acmp.o
LOAD ./emlib/em_adc.o
LOAD ./emlib/em_aes.o
LOAD ./emlib/em_assert.o
LOAD ./emlib/em_burtc.o
LOAD ./emlib/em_can.o
LOAD ./emlib/em_cmu.o
LOAD ./emlib/em_core.o
LOAD ./emlib/em_cryotimer.o
LOAD ./emlib/em_crypto.o
LOAD ./emlib/em_csen.o
LOAD ./emlib/em_dac.o
LOAD ./emlib/em_dbg.o
LOAD ./emlib/em_dma.o
LOAD ./emlib/em_ebi.o
LOAD ./emlib/em_emu.o
LOAD ./emlib/em_gpcrc.o
LOAD ./emlib/em_gpio.o
LOAD ./emlib/em_i2c.o
LOAD ./emlib/em_iadc.o
LOAD ./emlib/em_idac.o
LOAD ./emlib/em_int.o
LOAD ./emlib/em_lcd.o
LOAD ./emlib/em_ldma.o
LOAD ./emlib/em_lesense.o
LOAD ./emlib/em_letimer.o
LOAD ./emlib/em_leuart.o
LOAD ./emlib/em_mpu.o
LOAD ./emlib/em_msc.o
LOAD ./emlib/em_opamp.o
LOAD ./emlib/em_pcnt.o
LOAD ./emlib/em_pdm.o
LOAD ./emlib/em_prs.o
LOAD ./emlib/em_qspi.o
LOAD ./emlib/em_rmu.o
LOAD ./emlib/em_rtc.o
LOAD ./emlib/em_rtcc.o
LOAD ./emlib/em_se.o
LOAD ./emlib/em_system.o
LOAD ./emlib/em_timer.o
LOAD ./emlib/em_usart.o
LOAD ./emlib/em_vcmp.o
LOAD ./emlib/em_vdac.o
LOAD ./emlib/em_wdog.o
LOAD ./src/Source_Files/app.o
LOAD ./src/Source_Files/buttons.o
LOAD ./src/Source_Files/cmu.o
LOAD ./src/Source_Files/gpio.o
LOAD ./src/Source_Files/main.o
LOAD ./src/Source_Files/slider.o
LOAD ./src/Source_Files/slider_lib.o
START GROUP
LOAD c:/siliconlabs/simplicitystudio/v4/developer/toolchains/gnu_arm/7.2_2017q4/bin/../lib/gcc/arm-none-eabi/7.2.1/thumb/v7e-m/fpv4-sp/softfp\libgcc.a
LOAD c:/siliconlabs/simplicitystudio/v4/developer/toolchains/gnu_arm/7.2_2017q4/bin/../lib/gcc/arm-none-eabi/7.2.1/../../../../arm-none-eabi/lib/thumb/v7e-m/fpv4-sp/softfp\libc_nano.a
LOAD c:/siliconlabs/simplicitystudio/v4/developer/toolchains/gnu_arm/7.2_2017q4/bin/../lib/gcc/arm-none-eabi/7.2.1/../../../../arm-none-eabi/lib/thumb/v7e-m/fpv4-sp/softfp\libnosys.a
END GROUP
START GROUP
LOAD c:/siliconlabs/simplicitystudio/v4/developer/toolchains/gnu_arm/7.2_2017q4/bin/../lib/gcc/arm-none-eabi/7.2.1/thumb/v7e-m/fpv4-sp/softfp\libgcc.a
LOAD c:/siliconlabs/simplicitystudio/v4/developer/toolchains/gnu_arm/7.2_2017q4/bin/../lib/gcc/arm-none-eabi/7.2.1/../../../../arm-none-eabi/lib/thumb/v7e-m/fpv4-sp/softfp\libg_nano.a
LOAD c:/siliconlabs/simplicitystudio/v4/developer/toolchains/gnu_arm/7.2_2017q4/bin/../lib/gcc/arm-none-eabi/7.2.1/../../../../arm-none-eabi/lib/thumb/v7e-m/fpv4-sp/softfp\libc_nano.a
END GROUP
START GROUP
LOAD c:/siliconlabs/simplicitystudio/v4/developer/toolchains/gnu_arm/7.2_2017q4/bin/../lib/gcc/arm-none-eabi/7.2.1/thumb/v7e-m/fpv4-sp/softfp\libgcc.a
LOAD c:/siliconlabs/simplicitystudio/v4/developer/toolchains/gnu_arm/7.2_2017q4/bin/../lib/gcc/arm-none-eabi/7.2.1/../../../../arm-none-eabi/lib/thumb/v7e-m/fpv4-sp/softfp\libc_nano.a
END GROUP
LOAD c:/siliconlabs/simplicitystudio/v4/developer/toolchains/gnu_arm/7.2_2017q4/bin/../lib/gcc/arm-none-eabi/7.2.1/thumb/v7e-m/fpv4-sp/softfp/crtend.o
LOAD c:/siliconlabs/simplicitystudio/v4/developer/toolchains/gnu_arm/7.2_2017q4/bin/../lib/gcc/arm-none-eabi/7.2.1/thumb/v7e-m/fpv4-sp/softfp/crtn.o

.text           0x00000000     0x33fc
 *(.vectors)
 .vectors       0x00000000      0x10c ./CMSIS/EFM32PG12B/startup_gcc_efm32pg12b.o
                0x00000000                __Vectors
                0x0000010c                __Vectors_End = .
                0x0000010c                __Vectors_Size = (__Vectors_End - __Vectors)
                0x0000010c                __end__ = .
 *(.text*)
 .text          0x0000010c       0x40 c:/siliconlabs/simplicitystudio/v4/developer/toolchains/gnu_arm/7.2_2017q4/bin/../lib/gcc/arm-none-eabi/7.2.1/thumb/v7e-m/fpv4-sp/softfp/crtbegin.o
 .text          0x0000014c       0x74 c:/siliconlabs/simplicitystudio/v4/developer/toolchains/gnu_arm/7.2_2017q4/bin/../lib/gcc/arm-none-eabi/7.2.1/../../../../arm-none-eabi/lib/thumb/v7e-m/fpv4-sp/softfp/crt0.o
                0x0000014c                _start
                0x0000014c                _mainCRTStartup
 .text          0x000001c0       0x30 ./CMSIS/EFM32PG12B/startup_gcc_efm32pg12b.o
                0x000001c0                Reset_Handler
                0x000001ec                USART0_TX_IRQHandler
                0x000001ec                I2C0_IRQHandler
                0x000001ec                HardFault_Handler
                0x000001ec                USART1_RX_IRQHandler
                0x000001ec                PendSV_Handler
                0x000001ec                NMI_Handler
                0x000001ec                I2C1_IRQHandler
                0x000001ec                WTIMER0_IRQHandler
                0x000001ec                CRYPTO0_IRQHandler
                0x000001ec                WDOG0_IRQHandler
                0x000001ec                USART1_TX_IRQHandler
                0x000001ec                SMU_IRQHandler
                0x000001ec                MSC_IRQHandler
                0x000001ec                ADC0_IRQHandler
                0x000001ec                UsageFault_Handler
                0x000001ec                WDOG1_IRQHandler
                0x000001ec                LEUART0_IRQHandler
                0x000001ec                FPUEH_IRQHandler
                0x000001ec                WTIMER1_IRQHandler
                0x000001ec                VDAC0_IRQHandler
                0x000001ec                LDMA_IRQHandler
                0x000001ec                CSEN_IRQHandler
                0x000001ec                CRYPTO1_IRQHandler
                0x000001ec                DebugMon_Handler
                0x000001ec                PCNT2_IRQHandler
                0x000001ec                LETIMER0_IRQHandler
                0x000001ec                TIMER1_IRQHandler
                0x000001ec                TRNG0_IRQHandler
                0x000001ec                USART2_RX_IRQHandler
                0x000001ec                Default_Handler
                0x000001ec                EMU_IRQHandler
                0x000001ec                CRYOTIMER_IRQHandler
                0x000001ec                PCNT0_IRQHandler
                0x000001ec                PCNT1_IRQHandler
                0x000001ec                ACMP0_IRQHandler
                0x000001ec                USART0_RX_IRQHandler
                0x000001ec                MemManage_Handler
                0x000001ec                SVC_Handler
                0x000001ec                USART3_RX_IRQHandler
                0x000001ec                RTCC_IRQHandler
                0x000001ec                CMU_IRQHandler
                0x000001ec                LESENSE_IRQHandler
                0x000001ec                USART3_TX_IRQHandler
                0x000001ec                BusFault_Handler
                0x000001ec                USART2_TX_IRQHandler
                0x000001ec                IDAC0_IRQHandler
 .text.SystemCoreClockGet
                0x000001f0       0x40 ./CMSIS/EFM32PG12B/system_efm32pg12b.o
                0x000001f0                SystemCoreClockGet
 .text.SystemMaxCoreClockGet
                0x00000230       0x14 ./CMSIS/EFM32PG12B/system_efm32pg12b.o
                0x00000230                SystemMaxCoreClockGet
 .text.SystemHFClockGet
                0x00000244       0x70 ./CMSIS/EFM32PG12B/system_efm32pg12b.o
                0x00000244                SystemHFClockGet
 .text.SystemHFXOClockGet
                0x000002b4       0x18 ./CMSIS/EFM32PG12B/system_efm32pg12b.o
                0x000002b4                SystemHFXOClockGet
 .text.SystemInit
                0x000002cc       0x2c ./CMSIS/EFM32PG12B/system_efm32pg12b.o
                0x000002cc                SystemInit
 .text.SystemLFRCOClockGet
                0x000002f8       0x12 ./CMSIS/EFM32PG12B/system_efm32pg12b.o
                0x000002f8                SystemLFRCOClockGet
 .text.SystemULFRCOClockGet
                0x0000030a       0x12 ./CMSIS/EFM32PG12B/system_efm32pg12b.o
                0x0000030a                SystemULFRCOClockGet
 .text.SystemLFXOClockGet
                0x0000031c       0x18 ./CMSIS/EFM32PG12B/system_efm32pg12b.o
                0x0000031c                SystemLFXOClockGet
 .text.BUS_RegBitWrite
                0x00000334       0x2e ./emlib/em_acmp.o
 .text.BUS_RegMaskedSet
                0x00000362       0x24 ./emlib/em_acmp.o
 .text.BUS_RegMaskedClear
                0x00000386       0x24 ./emlib/em_acmp.o
 .text.BUS_RegMaskedWrite
                0x000003aa       0x24 ./emlib/em_acmp.o
 *fill*         0x000003ce        0x2 
 .text.ACMP_CapsenseInit
                0x000003d0       0x80 ./emlib/em_acmp.o
                0x000003d0                ACMP_CapsenseInit
 .text.ACMP_CapsenseChannelSet
                0x00000450       0x38 ./emlib/em_acmp.o
                0x00000450                ACMP_CapsenseChannelSet
 .text.ACMP_Disable
                0x00000488       0x34 ./emlib/em_acmp.o
                0x00000488                ACMP_Disable
 .text.ACMP_Enable
                0x000004bc       0x34 ./emlib/em_acmp.o
                0x000004bc                ACMP_Enable
 .text.BUS_RegBitWrite
                0x000004f0       0x2e ./emlib/em_cmu.o
 .text.BUS_RegBitRead
                0x0000051e       0x2a ./emlib/em_cmu.o
 .text.SL_Log2ToDiv
                0x00000548       0x1c ./emlib/em_cmu.o
 .text.CMU_Log2ToDiv
                0x00000564       0x18 ./emlib/em_cmu.o
 .text.EMU_LDOStatusGet
                0x0000057c       0x24 ./emlib/em_cmu.o
 .text.EMU_VScaleWait
                0x000005a0       0x30 ./emlib/em_cmu.o
 .text.EMU_VScaleGet
                0x000005d0       0x1c ./emlib/em_cmu.o
 .text.setHfLeConfig
                0x000005ec       0x64 ./emlib/em_cmu.o
 .text.auxClkGet
                0x00000650       0x20 ./emlib/em_cmu.o
 .text.hfSrcClkGet
                0x00000670       0x2c ./emlib/em_cmu.o
 .text.dbgClkGet
                0x0000069c       0x40 ./emlib/em_cmu.o
 .text.adcAsyncClkGet
                0x000006dc       0x80 ./emlib/em_cmu.o
 .text.flashWaitStateControl
                0x0000075c       0x8c ./emlib/em_cmu.o
 .text.flashWaitStateMax
                0x000007e8       0x44 ./emlib/em_cmu.o
 .text.CMU_UpdateWaitStates
                0x0000082c       0x40 ./emlib/em_cmu.o
                0x0000082c                CMU_UpdateWaitStates
 .text.getRegIshUpperVal
                0x0000086c       0x36 ./emlib/em_cmu.o
 *fill*         0x000008a2        0x2 
 .text.getHfxoTuningMode
                0x000008a4       0x1c ./emlib/em_cmu.o
 .text.setHfxoTuningMode
                0x000008c0       0x2c ./emlib/em_cmu.o
 .text.lfClkGet
                0x000008ec       0xf4 ./emlib/em_cmu.o
 .text.syncReg  0x000009e0       0x38 ./emlib/em_cmu.o
 .text.hfperClkSafePrescaler
                0x00000a18        0xe ./emlib/em_cmu.o
 .text.hfperClkOptimizedPrescaler
                0x00000a26        0xe ./emlib/em_cmu.o
 .text.CMU_ClockEnable
                0x00000a34       0xcc ./emlib/em_cmu.o
                0x00000a34                CMU_ClockEnable
 .text.CMU_ClockFreqGet
                0x00000b00      0x20c ./emlib/em_cmu.o
                0x00000b00                CMU_ClockFreqGet
 .text.CMU_ClockSelectGet
                0x00000d0c      0x1c0 ./emlib/em_cmu.o
                0x00000d0c                CMU_ClockSelectGet
 .text.CMU_ClockSelectSet
                0x00000ecc      0x2f0 ./emlib/em_cmu.o
                0x00000ecc                CMU_ClockSelectSet
 .text.CMU_HFRCOBandGet
                0x000011bc       0x18 ./emlib/em_cmu.o
                0x000011bc                CMU_HFRCOBandGet
 .text.CMU_HFXOInit
                0x000011d4       0xe4 ./emlib/em_cmu.o
                0x000011d4                CMU_HFXOInit
 .text.CMU_OscillatorEnable
                0x000012b8      0x1a0 ./emlib/em_cmu.o
                0x000012b8                CMU_OscillatorEnable
 .text.CMU_OscillatorTuningGet
                0x00001458       0x74 ./emlib/em_cmu.o
                0x00001458                CMU_OscillatorTuningGet
 .text.CMU_OscillatorTuningSet
                0x000014cc      0x100 ./emlib/em_cmu.o
                0x000014cc                CMU_OscillatorTuningSet
 .text.CMU_OscillatorTuningWait
                0x000015cc       0x94 ./emlib/em_cmu.o
                0x000015cc                CMU_OscillatorTuningWait
 .text.CMU_OscillatorTuningOptimize
                0x00001660       0x58 ./emlib/em_cmu.o
                0x00001660                CMU_OscillatorTuningOptimize
 .text.BUS_RegBitWrite
                0x000016b8       0x2e ./emlib/em_emu.o
 .text.BUS_RegBitRead
                0x000016e6       0x2a ./emlib/em_emu.o
 .text.EMU_LDOStatusGet
                0x00001710       0x24 ./emlib/em_emu.o
 .text.EMU_VScaleWait
                0x00001734       0x30 ./emlib/em_emu.o
 .text.EMU_VScaleGet
                0x00001764       0x1c ./emlib/em_emu.o
 .text.EMU_IntClear
                0x00001780       0x20 ./emlib/em_emu.o
 .text.EMU_IntGet
                0x000017a0       0x18 ./emlib/em_emu.o
 .text.vScaleEM01Cmd
                0x000017b8       0x22 ./emlib/em_emu.o
 *fill*         0x000017da        0x2 
 .text.EMU_VScaleEM01ByClock
                0x000017dc       0x70 ./emlib/em_emu.o
                0x000017dc                EMU_VScaleEM01ByClock
 .text.EMU_VScaleEM01
                0x0000184c       0x88 ./emlib/em_emu.o
                0x0000184c                EMU_VScaleEM01
 .text.EMU_EM23Init
                0x000018d4       0x3c ./emlib/em_emu.o
                0x000018d4                EMU_EM23Init
 .text.dcdcConstCalibrationLoad
                0x00001910       0x10 ./emlib/em_emu.o
 .text.dcdcValidatedConfigSet
                0x00001920       0x40 ./emlib/em_emu.o
 .text.currentLimitersUpdate
                0x00001960       0xe8 ./emlib/em_emu.o
 .text.userCurrentLimitsSet
                0x00001a48       0x30 ./emlib/em_emu.o
 .text.compCtrlSet
                0x00001a78       0x40 ./emlib/em_emu.o
 .text.lpCmpHystCalibrationLoad
                0x00001ab8       0xd0 ./emlib/em_emu.o
 .text.lpGetDevinfoVrefLowHigh
                0x00001b88      0x158 ./emlib/em_emu.o
 .text.EMU_DCDCModeSet
                0x00001ce0       0xf0 ./emlib/em_emu.o
                0x00001ce0                EMU_DCDCModeSet
 .text.EMU_DCDCInit
                0x00001dd0      0x138 ./emlib/em_emu.o
                0x00001dd0                EMU_DCDCInit
 .text.EMU_DCDCOutputVoltageSet
                0x00001f08      0x2ac ./emlib/em_emu.o
                0x00001f08                EMU_DCDCOutputVoltageSet
 .text.EMU_DCDCOptimizeSlice
                0x000021b4       0xd8 ./emlib/em_emu.o
                0x000021b4                EMU_DCDCOptimizeSlice
 .text.EMU_DCDCLnRcoBandSet
                0x0000228c       0x54 ./emlib/em_emu.o
                0x0000228c                EMU_DCDCLnRcoBandSet
 .text.BUS_RegBitWrite
                0x000022e0       0x2e ./emlib/em_gpio.o
 .text.BUS_RegMaskedSet
                0x0000230e       0x24 ./emlib/em_gpio.o
 .text.BUS_RegMaskedClear
                0x00002332       0x24 ./emlib/em_gpio.o
 .text.BUS_RegMaskedWrite
                0x00002356       0x24 ./emlib/em_gpio.o
 *fill*         0x0000237a        0x2 
 .text.GPIO_IntClear
                0x0000237c       0x20 ./emlib/em_gpio.o
 .text.GPIO_PinOutClear
                0x0000239c       0x78 ./emlib/em_gpio.o
 .text.GPIO_PinOutSet
                0x00002414       0x78 ./emlib/em_gpio.o
 .text.GPIO_DriveStrengthSet
                0x0000248c       0x7e ./emlib/em_gpio.o
                0x0000248c                GPIO_DriveStrengthSet
 *fill*         0x0000250a        0x2 
 .text.GPIO_ExtIntConfig
                0x0000250c      0x140 ./emlib/em_gpio.o
                0x0000250c                GPIO_ExtIntConfig
 .text.GPIO_PinModeSet
                0x0000264c      0x138 ./emlib/em_gpio.o
                0x0000264c                GPIO_PinModeSet
 .text.app_peripheral_setup
                0x00002784       0x18 ./src/Source_Files/app.o
                0x00002784                app_peripheral_setup
 .text.__NVIC_EnableIRQ
                0x0000279c       0x3c ./src/Source_Files/buttons.o
 .text.__NVIC_ClearPendingIRQ
                0x000027d8       0x3c ./src/Source_Files/buttons.o
 .text.BUS_RegBitRead
                0x00002814       0x2a ./src/Source_Files/buttons.o
 .text.GPIO_PinInGet
                0x0000283e       0x72 ./src/Source_Files/buttons.o
 .text.GPIO_IntConfig
                0x000028b0       0x36 ./src/Source_Files/buttons.o
 .text.buttons_setup
                0x000028e6       0x5c ./src/Source_Files/buttons.o
                0x000028e6                buttons_setup
 .text.poll_PB0
                0x00002942       0x2e ./src/Source_Files/buttons.o
                0x00002942                poll_PB0
 .text.poll_PB1
                0x00002970       0x2e ./src/Source_Files/buttons.o
                0x00002970                poll_PB1
 *fill*         0x0000299e        0x2 
 .text.cmu_open
                0x000029a0       0x68 ./src/Source_Files/cmu.o
                0x000029a0                cmu_open
 .text.gpio_open
                0x00002a08       0x34 ./src/Source_Files/gpio.o
                0x00002a08                gpio_open
 .text.__NVIC_SetPriority
                0x00002a3c       0x54 ./src/Source_Files/main.o
 .text.SysTick_Config
                0x00002a90       0x44 ./src/Source_Files/main.o
 .text.SYSTEM_GetProdRev
                0x00002ad4       0x1c ./src/Source_Files/main.o
 .text.BUS_RegMaskedSet
                0x00002af0       0x24 ./src/Source_Files/main.o
 .text.BUS_RegMaskedClear
                0x00002b14       0x24 ./src/Source_Files/main.o
 .text.GPIO_IntClear
                0x00002b38       0x20 ./src/Source_Files/main.o
 .text.GPIO_IntGet
                0x00002b58       0x18 ./src/Source_Files/main.o
 .text.GPIO_PinOutClear
                0x00002b70       0x78 ./src/Source_Files/main.o
 .text.GPIO_PinOutSet
                0x00002be8       0x78 ./src/Source_Files/main.o
 .text.CHIP_Init
                0x00002c60       0x84 ./src/Source_Files/main.o
 .text.main     0x00002ce4       0xc0 ./src/Source_Files/main.o
                0x00002ce4                main
 .text.led_drive
                0x00002da4      0x144 ./src/Source_Files/main.o
                0x00002da4                led_drive
 .text.Delay    0x00002ee8       0x30 ./src/Source_Files/main.o
 .text.SysTick_Handler
                0x00002f18       0x20 ./src/Source_Files/main.o
                0x00002f18                SysTick_Handler
 .text.GPIO_EVEN_IRQHandler
                0x00002f38       0x28 ./src/Source_Files/main.o
                0x00002f38                GPIO_EVEN_IRQHandler
 .text.GPIO_ODD_IRQHandler
                0x00002f60       0x28 ./src/Source_Files/main.o
                0x00002f60                GPIO_ODD_IRQHandler
 .text.slider_setup
                0x00002f88        0xc ./src/Source_Files/slider.o
                0x00002f88                slider_setup
 .text.slider_position
                0x00002f94       0xc8 ./src/Source_Files/slider.o
                0x00002f94                slider_position
 .text.__NVIC_EnableIRQ
                0x0000305c       0x3c ./src/Source_Files/slider_lib.o
 .text.EMU_EnterEM1
                0x00003098       0x20 ./src/Source_Files/slider_lib.o
 .text.TIMER0_IRQHandler
                0x000030b8       0x7c ./src/Source_Files/slider_lib.o
                0x000030b8                TIMER0_IRQHandler
 .text.CAPSENSE_getPressed
                0x00003134       0x4c ./src/Source_Files/slider_lib.o
                0x00003134                CAPSENSE_getPressed
 .text.CAPSENSE_Measure
                0x00003180       0x60 ./src/Source_Files/slider_lib.o
 .text.CAPSENSE_Sense
                0x000031e0       0x54 ./src/Source_Files/slider_lib.o
                0x000031e0                CAPSENSE_Sense
 .text.CAPSENSE_Init
                0x00003234       0xbc ./src/Source_Files/slider_lib.o
                0x00003234                CAPSENSE_Init
 .text.exit     0x000032f0       0x28 c:/siliconlabs/simplicitystudio/v4/developer/toolchains/gnu_arm/7.2_2017q4/bin/../lib/gcc/arm-none-eabi/7.2.1/../../../../arm-none-eabi/lib/thumb/v7e-m/fpv4-sp/softfp\libc_nano.a(lib_a-exit.o)
                0x000032f0                exit
 .text.__libc_init_array
                0x00003318       0x48 c:/siliconlabs/simplicitystudio/v4/developer/toolchains/gnu_arm/7.2_2017q4/bin/../lib/gcc/arm-none-eabi/7.2.1/../../../../arm-none-eabi/lib/thumb/v7e-m/fpv4-sp/softfp\libc_nano.a(lib_a-init.o)
                0x00003318                __libc_init_array
 .text.memset   0x00003360       0x10 c:/siliconlabs/simplicitystudio/v4/developer/toolchains/gnu_arm/7.2_2017q4/bin/../lib/gcc/arm-none-eabi/7.2.1/../../../../arm-none-eabi/lib/thumb/v7e-m/fpv4-sp/softfp\libc_nano.a(lib_a-memset.o)
                0x00003360                memset
 .text._exit    0x00003370        0x4 c:/siliconlabs/simplicitystudio/v4/developer/toolchains/gnu_arm/7.2_2017q4/bin/../lib/gcc/arm-none-eabi/7.2.1/../../../../arm-none-eabi/lib/thumb/v7e-m/fpv4-sp/softfp\libnosys.a(_exit.o)
                0x00003370                _exit
 *(.init)
 .init          0x00003374        0x4 c:/siliconlabs/simplicitystudio/v4/developer/toolchains/gnu_arm/7.2_2017q4/bin/../lib/gcc/arm-none-eabi/7.2.1/thumb/v7e-m/fpv4-sp/softfp/crti.o
                0x00003374                _init
 .init          0x00003378        0x8 c:/siliconlabs/simplicitystudio/v4/developer/toolchains/gnu_arm/7.2_2017q4/bin/../lib/gcc/arm-none-eabi/7.2.1/thumb/v7e-m/fpv4-sp/softfp/crtn.o
 *(.fini)
 .fini          0x00003380        0x4 c:/siliconlabs/simplicitystudio/v4/developer/toolchains/gnu_arm/7.2_2017q4/bin/../lib/gcc/arm-none-eabi/7.2.1/thumb/v7e-m/fpv4-sp/softfp/crti.o
                0x00003380                _fini
 .fini          0x00003384        0x8 c:/siliconlabs/simplicitystudio/v4/developer/toolchains/gnu_arm/7.2_2017q4/bin/../lib/gcc/arm-none-eabi/7.2.1/thumb/v7e-m/fpv4-sp/softfp/crtn.o
 *crtbegin.o(.ctors)
 *crtbegin?.o(.ctors)
 *(EXCLUDE_FILE(*crtend.o *crtend?.o) .ctors)
 *(SORT_BY_NAME(.ctors.*))
 *(.ctors)
 *crtbegin.o(.dtors)
 *crtbegin?.o(.dtors)
 *(EXCLUDE_FILE(*crtend.o *crtend?.o) .dtors)
 *(SORT_BY_NAME(.dtors.*))
 *(.dtors)
 *(.rodata*)
 .rodata.flashWsTable
                0x0000338c       0x28 ./emlib/em_cmu.o
 .rodata        0x000033b4       0x22 ./src/Source_Files/main.o
 *fill*         0x000033d6        0x2 
 .rodata.channelList
                0x000033d8        0x4 ./src/Source_Files/slider_lib.o
 .rodata        0x000033dc       0x18 ./src/Source_Files/slider_lib.o
 .rodata._global_impure_ptr
                0x000033f4        0x4 c:/siliconlabs/simplicitystudio/v4/developer/toolchains/gnu_arm/7.2_2017q4/bin/../lib/gcc/arm-none-eabi/7.2.1/../../../../arm-none-eabi/lib/thumb/v7e-m/fpv4-sp/softfp\libc_nano.a(lib_a-impure.o)
                0x000033f4                _global_impure_ptr
 *(.eh_frame*)
 .eh_frame      0x000033f8        0x0 c:/siliconlabs/simplicitystudio/v4/developer/toolchains/gnu_arm/7.2_2017q4/bin/../lib/gcc/arm-none-eabi/7.2.1/thumb/v7e-m/fpv4-sp/softfp/crtbegin.o
 .eh_frame      0x000033f8        0x4 c:/siliconlabs/simplicitystudio/v4/developer/toolchains/gnu_arm/7.2_2017q4/bin/../lib/gcc/arm-none-eabi/7.2.1/thumb/v7e-m/fpv4-sp/softfp/crtend.o

.glue_7         0x000033fc        0x0
 .glue_7        0x000033fc        0x0 linker stubs

.glue_7t        0x000033fc        0x0
 .glue_7t       0x000033fc        0x0 linker stubs

.vfp11_veneer   0x000033fc        0x0
 .vfp11_veneer  0x000033fc        0x0 linker stubs

.v4_bx          0x000033fc        0x0
 .v4_bx         0x000033fc        0x0 linker stubs

.iplt           0x000033fc        0x0
 .iplt          0x000033fc        0x0 c:/siliconlabs/simplicitystudio/v4/developer/toolchains/gnu_arm/7.2_2017q4/bin/../lib/gcc/arm-none-eabi/7.2.1/thumb/v7e-m/fpv4-sp/softfp/crtbegin.o

.ARM.extab
 *(.ARM.extab* .gnu.linkonce.armextab.*)
                0x000033fc                __exidx_start = .

.ARM.exidx      0x000033fc        0x8
 *(.ARM.exidx* .gnu.linkonce.armexidx.*)
 .ARM.exidx     0x000033fc        0x8 c:/siliconlabs/simplicitystudio/v4/developer/toolchains/gnu_arm/7.2_2017q4/bin/../lib/gcc/arm-none-eabi/7.2.1/../../../../arm-none-eabi/lib/thumb/v7e-m/fpv4-sp/softfp/crt0.o
                0x00003404                __exidx_end = .
                0x00003404                __etext = .

.rel.dyn        0x00003404        0x0
 .rel.iplt      0x00003404        0x0 c:/siliconlabs/simplicitystudio/v4/developer/toolchains/gnu_arm/7.2_2017q4/bin/../lib/gcc/arm-none-eabi/7.2.1/thumb/v7e-m/fpv4-sp/softfp/crtbegin.o

.data           0x20000000       0x80 load address 0x00003404
                0x20000000                __data_start__ = .
 *(vtable)
 *(.data*)
 .data.SystemHFXOClock
                0x20000000        0x4 ./CMSIS/EFM32PG12B/system_efm32pg12b.o
 .data.SystemLFXOClock
                0x20000004        0x4 ./CMSIS/EFM32PG12B/system_efm32pg12b.o
 .data.SystemCoreClock
                0x20000008        0x4 ./CMSIS/EFM32PG12B/system_efm32pg12b.o
                0x20000008                SystemCoreClock
 .data.SystemHfrcoFreq
                0x2000000c        0x4 ./CMSIS/EFM32PG12B/system_efm32pg12b.o
                0x2000000c                SystemHfrcoFreq
 .data.auxHfrcoFreq
                0x20000010        0x4 ./emlib/em_cmu.o
 .data.slider_pos
                0x20000014        0x1 ./src/Source_Files/main.o
                0x20000014                slider_pos
 *fill*         0x20000015        0x3 
 .data.impure_data
                0x20000018       0x60 c:/siliconlabs/simplicitystudio/v4/developer/toolchains/gnu_arm/7.2_2017q4/bin/../lib/gcc/arm-none-eabi/7.2.1/../../../../arm-none-eabi/lib/thumb/v7e-m/fpv4-sp/softfp\libc_nano.a(lib_a-impure.o)
                0x20000078                . = ALIGN (0x4)
                [!provide]                PROVIDE (__ram_func_section_start, .)
 *(.ram)
                [!provide]                PROVIDE (__ram_func_section_end, .)
                0x20000078                . = ALIGN (0x4)
                0x20000078                PROVIDE (__preinit_array_start, .)
 *(.preinit_array)
                0x20000078                PROVIDE (__preinit_array_end, .)
                0x20000078                . = ALIGN (0x4)
                0x20000078                PROVIDE (__init_array_start, .)
 *(SORT_BY_NAME(.init_array.*))
 *(.init_array)
 .init_array    0x20000078        0x4 c:/siliconlabs/simplicitystudio/v4/developer/toolchains/gnu_arm/7.2_2017q4/bin/../lib/gcc/arm-none-eabi/7.2.1/thumb/v7e-m/fpv4-sp/softfp/crtbegin.o
                0x2000007c                PROVIDE (__init_array_end, .)
                0x2000007c                . = ALIGN (0x4)
                [!provide]                PROVIDE (__fini_array_start, .)
 *(SORT_BY_NAME(.fini_array.*))
 *(.fini_array)
 .fini_array    0x2000007c        0x4 c:/siliconlabs/simplicitystudio/v4/developer/toolchains/gnu_arm/7.2_2017q4/bin/../lib/gcc/arm-none-eabi/7.2.1/thumb/v7e-m/fpv4-sp/softfp/crtbegin.o
                [!provide]                PROVIDE (__fini_array_end, .)
 *(.jcr*)
                0x20000080                . = ALIGN (0x4)
                0x20000080                __data_end__ = .

.igot.plt       0x20000080        0x0 load address 0x00003484
 .igot.plt      0x20000080        0x0 c:/siliconlabs/simplicitystudio/v4/developer/toolchains/gnu_arm/7.2_2017q4/bin/../lib/gcc/arm-none-eabi/7.2.1/thumb/v7e-m/fpv4-sp/softfp/crtbegin.o

.bss            0x20000080       0x50 load address 0x00003484
                0x20000080                . = ALIGN (0x4)
                0x20000080                __bss_start__ = .
 *(.bss*)
 .bss           0x20000080       0x1c c:/siliconlabs/simplicitystudio/v4/developer/toolchains/gnu_arm/7.2_2017q4/bin/../lib/gcc/arm-none-eabi/7.2.1/thumb/v7e-m/fpv4-sp/softfp/crtbegin.o
 .bss.dcdcMaxCurrent_mA
                0x2000009c        0x2 ./emlib/em_emu.o
 .bss.dcdcEm01LoadCurrent_mA
                0x2000009e        0x2 ./emlib/em_emu.o
 .bss.dcdcReverseCurrentControl
                0x200000a0        0x2 ./emlib/em_emu.o
 *fill*         0x200000a2        0x2 
 .bss.vScaleEM01Config
                0x200000a4        0x1 ./emlib/em_emu.o
 .bss.PB0_status
                0x200000a5        0x1 ./src/Source_Files/main.o
                0x200000a5                PB0_status
 .bss.PB1_status
                0x200000a6        0x1 ./src/Source_Files/main.o
                0x200000a6                PB1_status
 *fill*         0x200000a7        0x1 
 .bss.msTicks   0x200000a8        0x4 ./src/Source_Files/main.o
 .bss.currentChannel
                0x200000ac        0x1 ./src/Source_Files/slider_lib.o
 .bss.measurementComplete
                0x200000ad        0x1 ./src/Source_Files/slider_lib.o
 *fill*         0x200000ae        0x2 
 .bss.channelValues
                0x200000b0       0x10 ./src/Source_Files/slider_lib.o
 .bss.channelMaxValues
                0x200000c0       0x10 ./src/Source_Files/slider_lib.o
 *(COMMON)
                0x200000d0                . = ALIGN (0x4)
                0x200000d0                __bss_end__ = .

.heap           0x200000d0      0xc00
                0x200000d0                __HeapBase = .
                0x200000d0                __end__ = .
                0x200000d0                end = __end__
                0x200000d0                _end = __end__
 *(.heap*)
 .heap          0x200000d0      0xc00 ./CMSIS/EFM32PG12B/startup_gcc_efm32pg12b.o
                0x20000cd0                __HeapLimit = .

.stack_dummy    0x200000d0      0x400
 *(.stack*)
 .stack         0x200000d0      0x400 ./CMSIS/EFM32PG12B/startup_gcc_efm32pg12b.o
                0x20040000                __StackTop = (ORIGIN (RAM) + LENGTH (RAM))
                0x2003fc00                __StackLimit = (__StackTop - SIZEOF (.stack_dummy))
                0x20040000                PROVIDE (__stack, __StackTop)
                0x00000001                ASSERT ((__StackLimit >= __HeapLimit), region RAM overflowed with stack)
                0x00000001                ASSERT ((LENGTH (FLASH) >= (__etext + SIZEOF (.data))), FLASH memory overflowed !)
OUTPUT(RTOS_Lab2_GPIO_Timers_Interrupts.axf elf32-littlearm)

.ARM.attributes
                0x00000000       0x2e
 .ARM.attributes
                0x00000000       0x22 c:/siliconlabs/simplicitystudio/v4/developer/toolchains/gnu_arm/7.2_2017q4/bin/../lib/gcc/arm-none-eabi/7.2.1/thumb/v7e-m/fpv4-sp/softfp/crti.o
 .ARM.attributes
                0x00000022       0x32 c:/siliconlabs/simplicitystudio/v4/developer/toolchains/gnu_arm/7.2_2017q4/bin/../lib/gcc/arm-none-eabi/7.2.1/thumb/v7e-m/fpv4-sp/softfp/crtbegin.o
 .ARM.attributes
                0x00000054       0x20 c:/siliconlabs/simplicitystudio/v4/developer/toolchains/gnu_arm/7.2_2017q4/bin/../lib/gcc/arm-none-eabi/7.2.1/../../../../arm-none-eabi/lib/thumb/v7e-m/fpv4-sp/softfp/crt0.o
 .ARM.attributes
                0x00000074       0x1f ./CMSIS/EFM32PG12B/startup_gcc_efm32pg12b.o
 .ARM.attributes
                0x00000093       0x37 ./CMSIS/EFM32PG12B/system_efm32pg12b.o
 .ARM.attributes
                0x000000ca       0x37 ./emlib/em_acmp.o
 .ARM.attributes
                0x00000101       0x37 ./emlib/em_cmu.o
 .ARM.attributes
                0x00000138       0x37 ./emlib/em_emu.o
 .ARM.attributes
                0x0000016f       0x37 ./emlib/em_gpio.o
 .ARM.attributes
                0x000001a6       0x37 ./src/Source_Files/app.o
 .ARM.attributes
                0x000001dd       0x37 ./src/Source_Files/buttons.o
 .ARM.attributes
                0x00000214       0x37 ./src/Source_Files/cmu.o
 .ARM.attributes
                0x0000024b       0x37 ./src/Source_Files/gpio.o
 .ARM.attributes
                0x00000282       0x37 ./src/Source_Files/main.o
 .ARM.attributes
                0x000002b9       0x37 ./src/Source_Files/slider.o
 .ARM.attributes
                0x000002f0       0x37 ./src/Source_Files/slider_lib.o
 .ARM.attributes
                0x00000327       0x32 c:/siliconlabs/simplicitystudio/v4/developer/toolchains/gnu_arm/7.2_2017q4/bin/../lib/gcc/arm-none-eabi/7.2.1/../../../../arm-none-eabi/lib/thumb/v7e-m/fpv4-sp/softfp\libc_nano.a(lib_a-exit.o)
 .ARM.attributes
                0x00000359       0x32 c:/siliconlabs/simplicitystudio/v4/developer/toolchains/gnu_arm/7.2_2017q4/bin/../lib/gcc/arm-none-eabi/7.2.1/../../../../arm-none-eabi/lib/thumb/v7e-m/fpv4-sp/softfp\libc_nano.a(lib_a-impure.o)
 .ARM.attributes
                0x0000038b       0x32 c:/siliconlabs/simplicitystudio/v4/developer/toolchains/gnu_arm/7.2_2017q4/bin/../lib/gcc/arm-none-eabi/7.2.1/../../../../arm-none-eabi/lib/thumb/v7e-m/fpv4-sp/softfp\libc_nano.a(lib_a-init.o)
 .ARM.attributes
                0x000003bd       0x32 c:/siliconlabs/simplicitystudio/v4/developer/toolchains/gnu_arm/7.2_2017q4/bin/../lib/gcc/arm-none-eabi/7.2.1/../../../../arm-none-eabi/lib/thumb/v7e-m/fpv4-sp/softfp\libc_nano.a(lib_a-memset.o)
 .ARM.attributes
                0x000003ef       0x32 c:/siliconlabs/simplicitystudio/v4/developer/toolchains/gnu_arm/7.2_2017q4/bin/../lib/gcc/arm-none-eabi/7.2.1/../../../../arm-none-eabi/lib/thumb/v7e-m/fpv4-sp/softfp\libnosys.a(_exit.o)
 .ARM.attributes
                0x00000421       0x32 c:/siliconlabs/simplicitystudio/v4/developer/toolchains/gnu_arm/7.2_2017q4/bin/../lib/gcc/arm-none-eabi/7.2.1/thumb/v7e-m/fpv4-sp/softfp/crtend.o
 .ARM.attributes
                0x00000453       0x22 c:/siliconlabs/simplicitystudio/v4/developer/toolchains/gnu_arm/7.2_2017q4/bin/../lib/gcc/arm-none-eabi/7.2.1/thumb/v7e-m/fpv4-sp/softfp/crtn.o

.comment        0x00000000       0x7e
 .comment       0x00000000       0x7e ./CMSIS/EFM32PG12B/system_efm32pg12b.o
                                 0x7f (size before relaxing)
 .comment       0x0000007e       0x7f ./emlib/em_acmp.o
 .comment       0x0000007e       0x7f ./emlib/em_cmu.o
 .comment       0x0000007e       0x7f ./emlib/em_emu.o
 .comment       0x0000007e       0x7f ./emlib/em_gpio.o
 .comment       0x0000007e       0x7f ./src/Source_Files/app.o
 .comment       0x0000007e       0x7f ./src/Source_Files/buttons.o
 .comment       0x0000007e       0x7f ./src/Source_Files/cmu.o
 .comment       0x0000007e       0x7f ./src/Source_Files/gpio.o
 .comment       0x0000007e       0x7f ./src/Source_Files/main.o
 .comment       0x0000007e       0x7f ./src/Source_Files/slider.o
 .comment       0x0000007e       0x7f ./src/Source_Files/slider_lib.o

.debug_line     0x00000000     0x8984
 .debug_line    0x00000000       0x78 ./CMSIS/EFM32PG12B/startup_gcc_efm32pg12b.o
 .debug_line    0x00000078      0x8a1 ./CMSIS/EFM32PG12B/system_efm32pg12b.o
 .debug_line    0x00000919      0xa39 ./emlib/em_acmp.o
 .debug_line    0x00001352     0x12f2 ./emlib/em_cmu.o
 .debug_line    0x00002644     0x130f ./emlib/em_emu.o
 .debug_line    0x00003953      0xb17 ./emlib/em_gpio.o
 .debug_line    0x0000446a      0xac2 ./src/Source_Files/app.o
 .debug_line    0x00004f2c      0xac4 ./src/Source_Files/buttons.o
 .debug_line    0x000059f0      0x904 ./src/Source_Files/cmu.o
 .debug_line    0x000062f4      0xa6d ./src/Source_Files/gpio.o
 .debug_line    0x00006d61      0xd87 ./src/Source_Files/main.o
 .debug_line    0x00007ae8      0x439 ./src/Source_Files/slider.o
 .debug_line    0x00007f21      0xa63 ./src/Source_Files/slider_lib.o

.debug_info     0x00000000     0xad3e
 .debug_info    0x00000000       0x26 ./CMSIS/EFM32PG12B/startup_gcc_efm32pg12b.o
 .debug_info    0x00000026      0x93f ./CMSIS/EFM32PG12B/system_efm32pg12b.o
 .debug_info    0x00000965      0xf3b ./emlib/em_acmp.o
 .debug_info    0x000018a0     0x24a3 ./emlib/em_cmu.o
 .debug_info    0x00003d43     0x2475 ./emlib/em_emu.o
 .debug_info    0x000061b8      0xad0 ./emlib/em_gpio.o
 .debug_info    0x00006c88      0x156 ./src/Source_Files/app.o
 .debug_info    0x00006dde      0x8a0 ./src/Source_Files/buttons.o
 .debug_info    0x0000767e      0x37c ./src/Source_Files/cmu.o
 .debug_info    0x000079fa      0x21b ./src/Source_Files/gpio.o
 .debug_info    0x00007c15     0x1cea ./src/Source_Files/main.o
 .debug_info    0x000098ff      0x123 ./src/Source_Files/slider.o
 .debug_info    0x00009a22     0x131c ./src/Source_Files/slider_lib.o

.debug_abbrev   0x00000000     0x186a
 .debug_abbrev  0x00000000       0x14 ./CMSIS/EFM32PG12B/startup_gcc_efm32pg12b.o
 .debug_abbrev  0x00000014      0x1ed ./CMSIS/EFM32PG12B/system_efm32pg12b.o
 .debug_abbrev  0x00000201      0x239 ./emlib/em_acmp.o
 .debug_abbrev  0x0000043a      0x354 ./emlib/em_cmu.o
 .debug_abbrev  0x0000078e      0x35b ./emlib/em_emu.o
 .debug_abbrev  0x00000ae9      0x24d ./emlib/em_gpio.o
 .debug_abbrev  0x00000d36       0xdb ./src/Source_Files/app.o
 .debug_abbrev  0x00000e11      0x25a ./src/Source_Files/buttons.o
 .debug_abbrev  0x0000106b       0xef ./src/Source_Files/cmu.o
 .debug_abbrev  0x0000115a       0xe6 ./src/Source_Files/gpio.o
 .debug_abbrev  0x00001240      0x318 ./src/Source_Files/main.o
 .debug_abbrev  0x00001558       0x95 ./src/Source_Files/slider.o
 .debug_abbrev  0x000015ed      0x27d ./src/Source_Files/slider_lib.o

.debug_aranges  0x00000000      0x700
 .debug_aranges
                0x00000000       0x20 ./CMSIS/EFM32PG12B/startup_gcc_efm32pg12b.o
 .debug_aranges
                0x00000020       0x68 ./CMSIS/EFM32PG12B/system_efm32pg12b.o
 .debug_aranges
                0x00000088       0x90 ./emlib/em_acmp.o
 .debug_aranges
                0x00000118      0x1c8 ./emlib/em_cmu.o
 .debug_aranges
                0x000002e0      0x1b0 ./emlib/em_emu.o
 .debug_aranges
                0x00000490       0x88 ./emlib/em_gpio.o
 .debug_aranges
                0x00000518       0x28 ./src/Source_Files/app.o
 .debug_aranges
                0x00000540       0x58 ./src/Source_Files/buttons.o
 .debug_aranges
                0x00000598       0x20 ./src/Source_Files/cmu.o
 .debug_aranges
                0x000005b8       0x20 ./src/Source_Files/gpio.o
 .debug_aranges
                0x000005d8       0x98 ./src/Source_Files/main.o
 .debug_aranges
                0x00000670       0x28 ./src/Source_Files/slider.o
 .debug_aranges
                0x00000698       0x68 ./src/Source_Files/slider_lib.o

.debug_str      0x00000000   0x157fdd
 .debug_str     0x00000000       0xb1 ./CMSIS/EFM32PG12B/startup_gcc_efm32pg12b.o
 .debug_str     0x000000b1   0x14e232 ./CMSIS/EFM32PG12B/system_efm32pg12b.o
                             0x14f179 (size before relaxing)
 .debug_str     0x0014e2e3     0x23dc ./emlib/em_acmp.o
                             0x15108f (size before relaxing)
 .debug_str     0x001506bf     0x46b7 ./emlib/em_cmu.o
                             0x153ffa (size before relaxing)
 .debug_str     0x00154d76     0x1151 ./emlib/em_emu.o
                             0x1541f5 (size before relaxing)
 .debug_str     0x00155ec7      0x479 ./emlib/em_gpio.o
                             0x14fbbe (size before relaxing)
 .debug_str     0x00156340      0xf29 ./src/Source_Files/app.o
                             0x151390 (size before relaxing)
 .debug_str     0x00157269      0x2f5 ./src/Source_Files/buttons.o
                             0x1507b0 (size before relaxing)
 .debug_str     0x0015755e       0x23 ./src/Source_Files/cmu.o
                             0x150885 (size before relaxing)
 .debug_str     0x00157581       0x25 ./src/Source_Files/gpio.o
                             0x15059d (size before relaxing)
 .debug_str     0x001575a6      0x79d ./src/Source_Files/main.o
                             0x1531f5 (size before relaxing)
 .debug_str     0x00157d43       0x61 ./src/Source_Files/slider.o
                               0x3df8 (size before relaxing)
 .debug_str     0x00157da4      0x239 ./src/Source_Files/slider_lib.o
                             0x15242c (size before relaxing)

.debug_loc      0x00000000     0x38e8
 .debug_loc     0x00000000      0x2e4 ./CMSIS/EFM32PG12B/system_efm32pg12b.o
 .debug_loc     0x000002e4      0x510 ./emlib/em_acmp.o
 .debug_loc     0x000007f4     0x10e0 ./emlib/em_cmu.o
 .debug_loc     0x000018d4      0xf4a ./emlib/em_emu.o
 .debug_loc     0x0000281e      0x4b4 ./emlib/em_gpio.o
 .debug_loc     0x00002cd2       0x70 ./src/Source_Files/app.o
 .debug_loc     0x00002d42      0x298 ./src/Source_Files/buttons.o
 .debug_loc     0x00002fda       0x2c ./src/Source_Files/cmu.o
 .debug_loc     0x00003006       0x2c ./src/Source_Files/gpio.o
 .debug_loc     0x00003032      0x502 ./src/Source_Files/main.o
 .debug_loc     0x00003534       0x7c ./src/Source_Files/slider.o
 .debug_loc     0x000035b0      0x338 ./src/Source_Files/slider_lib.o

.debug_ranges   0x00000000      0x620
 .debug_ranges  0x00000000       0x58 ./CMSIS/EFM32PG12B/system_efm32pg12b.o
 .debug_ranges  0x00000058       0x80 ./emlib/em_acmp.o
 .debug_ranges  0x000000d8      0x1b8 ./emlib/em_cmu.o
 .debug_ranges  0x00000290      0x1a0 ./emlib/em_emu.o
 .debug_ranges  0x00000430       0x78 ./emlib/em_gpio.o
 .debug_ranges  0x000004a8       0x18 ./src/Source_Files/app.o
 .debug_ranges  0x000004c0       0x48 ./src/Source_Files/buttons.o
 .debug_ranges  0x00000508       0x10 ./src/Source_Files/cmu.o
 .debug_ranges  0x00000518       0x10 ./src/Source_Files/gpio.o
 .debug_ranges  0x00000528       0x88 ./src/Source_Files/main.o
 .debug_ranges  0x000005b0       0x18 ./src/Source_Files/slider.o
 .debug_ranges  0x000005c8       0x58 ./src/Source_Files/slider_lib.o

.debug_macro    0x00000000    0x32c16
 .debug_macro   0x00000000      0x282 ./CMSIS/EFM32PG12B/system_efm32pg12b.o
 .debug_macro   0x00000282      0xa48 ./CMSIS/EFM32PG12B/system_efm32pg12b.o
 .debug_macro   0x00000cca       0x22 ./CMSIS/EFM32PG12B/system_efm32pg12b.o
 .debug_macro   0x00000cec       0x4f ./CMSIS/EFM32PG12B/system_efm32pg12b.o
 .debug_macro   0x00000d3b       0x51 ./CMSIS/EFM32PG12B/system_efm32pg12b.o
 .debug_macro   0x00000d8c       0xef ./CMSIS/EFM32PG12B/system_efm32pg12b.o
 .debug_macro   0x00000e7b       0x6a ./CMSIS/EFM32PG12B/system_efm32pg12b.o
 .debug_macro   0x00000ee5      0x1df ./CMSIS/EFM32PG12B/system_efm32pg12b.o
 .debug_macro   0x000010c4      0x4b1 ./CMSIS/EFM32PG12B/system_efm32pg12b.o
 .debug_macro   0x00001575       0x1c ./CMSIS/EFM32PG12B/system_efm32pg12b.o
 .debug_macro   0x00001591       0x22 ./CMSIS/EFM32PG12B/system_efm32pg12b.o
 .debug_macro   0x000015b3       0xdf ./CMSIS/EFM32PG12B/system_efm32pg12b.o
 .debug_macro   0x00001692      0xff5 ./CMSIS/EFM32PG12B/system_efm32pg12b.o
 .debug_macro   0x00002687       0xe2 ./CMSIS/EFM32PG12B/system_efm32pg12b.o
 .debug_macro   0x00002769      0xe1c ./CMSIS/EFM32PG12B/system_efm32pg12b.o
 .debug_macro   0x00003585     0x2275 ./CMSIS/EFM32PG12B/system_efm32pg12b.o
 .debug_macro   0x000057fa      0x329 ./CMSIS/EFM32PG12B/system_efm32pg12b.o
 .debug_macro   0x00005b23     0x3119 ./CMSIS/EFM32PG12B/system_efm32pg12b.o
 .debug_macro   0x00008c3c     0x1bba ./CMSIS/EFM32PG12B/system_efm32pg12b.o
 .debug_macro   0x0000a7f6     0x2674 ./CMSIS/EFM32PG12B/system_efm32pg12b.o
 .debug_macro   0x0000ce6a     0x1b19 ./CMSIS/EFM32PG12B/system_efm32pg12b.o
 .debug_macro   0x0000e983      0xe2b ./CMSIS/EFM32PG12B/system_efm32pg12b.o
 .debug_macro   0x0000f7ae      0x344 ./CMSIS/EFM32PG12B/system_efm32pg12b.o
 .debug_macro   0x0000faf2      0x29d ./CMSIS/EFM32PG12B/system_efm32pg12b.o
 .debug_macro   0x0000fd8f     0x2763 ./CMSIS/EFM32PG12B/system_efm32pg12b.o
 .debug_macro   0x000124f2     0x31cc ./CMSIS/EFM32PG12B/system_efm32pg12b.o
 .debug_macro   0x000156be     0x136b ./CMSIS/EFM32PG12B/system_efm32pg12b.o
 .debug_macro   0x00016a29      0xde2 ./CMSIS/EFM32PG12B/system_efm32pg12b.o
 .debug_macro   0x0001780b      0x249 ./CMSIS/EFM32PG12B/system_efm32pg12b.o
 .debug_macro   0x00017a54     0x1042 ./CMSIS/EFM32PG12B/system_efm32pg12b.o
 .debug_macro   0x00018a96     0x1605 ./CMSIS/EFM32PG12B/system_efm32pg12b.o
 .debug_macro   0x0001a09b     0x3cb7 ./CMSIS/EFM32PG12B/system_efm32pg12b.o
 .debug_macro   0x0001dd52     0x23fc ./CMSIS/EFM32PG12B/system_efm32pg12b.o
 .debug_macro   0x0002014e      0x70c ./CMSIS/EFM32PG12B/system_efm32pg12b.o
 .debug_macro   0x0002085a     0x26ef ./CMSIS/EFM32PG12B/system_efm32pg12b.o
 .debug_macro   0x00022f49     0x1700 ./CMSIS/EFM32PG12B/system_efm32pg12b.o
 .debug_macro   0x00024649     0x2efb ./CMSIS/EFM32PG12B/system_efm32pg12b.o
 .debug_macro   0x00027544      0xfaf ./CMSIS/EFM32PG12B/system_efm32pg12b.o
 .debug_macro   0x000284f3      0x6c3 ./CMSIS/EFM32PG12B/system_efm32pg12b.o
 .debug_macro   0x00028bb6     0x1021 ./CMSIS/EFM32PG12B/system_efm32pg12b.o
 .debug_macro   0x00029bd7      0x888 ./CMSIS/EFM32PG12B/system_efm32pg12b.o
 .debug_macro   0x0002a45f      0x4ff ./CMSIS/EFM32PG12B/system_efm32pg12b.o
 .debug_macro   0x0002a95e     0x1be1 ./CMSIS/EFM32PG12B/system_efm32pg12b.o
 .debug_macro   0x0002c53f       0x40 ./CMSIS/EFM32PG12B/system_efm32pg12b.o
 .debug_macro   0x0002c57f      0x2ce ./CMSIS/EFM32PG12B/system_efm32pg12b.o
 .debug_macro   0x0002c84d      0x381 ./CMSIS/EFM32PG12B/system_efm32pg12b.o
 .debug_macro   0x0002cbce      0x190 ./CMSIS/EFM32PG12B/system_efm32pg12b.o
 .debug_macro   0x0002cd5e     0x27bf ./CMSIS/EFM32PG12B/system_efm32pg12b.o
 .debug_macro   0x0002f51d      0x303 ./CMSIS/EFM32PG12B/system_efm32pg12b.o
 .debug_macro   0x0002f820      0x303 ./CMSIS/EFM32PG12B/system_efm32pg12b.o
 .debug_macro   0x0002fb23      0x2b7 ./emlib/em_acmp.o
 .debug_macro   0x0002fdda       0x22 ./emlib/em_acmp.o
 .debug_macro   0x0002fdfc       0x10 ./emlib/em_acmp.o
 .debug_macro   0x0002fe0c       0xe4 ./emlib/em_acmp.o
 .debug_macro   0x0002fef0       0x20 ./emlib/em_acmp.o
 .debug_macro   0x0002ff10      0x3a9 ./emlib/em_cmu.o
 .debug_macro   0x000302b9       0x58 ./emlib/em_cmu.o
 .debug_macro   0x00030311      0x34d ./emlib/em_cmu.o
 .debug_macro   0x0003065e       0x25 ./emlib/em_cmu.o
 .debug_macro   0x00030683       0xee ./emlib/em_cmu.o
 .debug_macro   0x00030771       0x87 ./emlib/em_cmu.o
 .debug_macro   0x000307f8      0x395 ./emlib/em_emu.o
 .debug_macro   0x00030b8d       0x52 ./emlib/em_emu.o
 .debug_macro   0x00030bdf       0x55 ./emlib/em_emu.o
 .debug_macro   0x00030c34      0x353 ./emlib/em_emu.o
 .debug_macro   0x00030f87       0xd9 ./emlib/em_emu.o
 .debug_macro   0x00031060       0x81 ./emlib/em_emu.o
 .debug_macro   0x000310e1      0x295 ./emlib/em_gpio.o
 .debug_macro   0x00031376      0x30a ./src/Source_Files/app.o
 .debug_macro   0x00031680       0xd6 ./src/Source_Files/app.o
 .debug_macro   0x00031756       0x76 ./src/Source_Files/app.o
 .debug_macro   0x000317cc       0xf1 ./src/Source_Files/app.o
 .debug_macro   0x000318bd       0x3a ./src/Source_Files/app.o
 .debug_macro   0x000318f7       0x40 ./src/Source_Files/app.o
 .debug_macro   0x00031937       0x28 ./src/Source_Files/app.o
 .debug_macro   0x0003195f       0x1c ./src/Source_Files/app.o
 .debug_macro   0x0003197b      0x2c7 ./src/Source_Files/buttons.o
 .debug_macro   0x00031c42      0x29f ./src/Source_Files/cmu.o
 .debug_macro   0x00031ee1      0x2d9 ./src/Source_Files/gpio.o
 .debug_macro   0x000321ba      0x34c ./src/Source_Files/main.o
 .debug_macro   0x00032506      0x360 ./src/Source_Files/main.o
 .debug_macro   0x00032866       0x8e ./src/Source_Files/slider.o
 .debug_macro   0x000328f4       0x16 ./src/Source_Files/slider.o
 .debug_macro   0x0003290a      0x2cc ./src/Source_Files/slider_lib.o
 .debug_macro   0x00032bd6       0x40 ./src/Source_Files/slider_lib.o

.debug_frame    0x00000000     0x1b6c
 .debug_frame   0x00000000      0x164 ./CMSIS/EFM32PG12B/system_efm32pg12b.o
 .debug_frame   0x00000164      0x24c ./emlib/em_acmp.o
 .debug_frame   0x000003b0      0x7c4 ./emlib/em_cmu.o
 .debug_frame   0x00000b74      0x730 ./emlib/em_emu.o
 .debug_frame   0x000012a4      0x224 ./emlib/em_gpio.o
 .debug_frame   0x000014c8       0x4c ./src/Source_Files/app.o
 .debug_frame   0x00001514      0x13c ./src/Source_Files/buttons.o
 .debug_frame   0x00001650       0x2c ./src/Source_Files/cmu.o
 .debug_frame   0x0000167c       0x2c ./src/Source_Files/gpio.o
 .debug_frame   0x000016a8      0x258 ./src/Source_Files/main.o
 .debug_frame   0x00001900       0x50 ./src/Source_Files/slider.o
 .debug_frame   0x00001950      0x188 ./src/Source_Files/slider_lib.o
 .debug_frame   0x00001ad8       0x28 c:/siliconlabs/simplicitystudio/v4/developer/toolchains/gnu_arm/7.2_2017q4/bin/../lib/gcc/arm-none-eabi/7.2.1/../../../../arm-none-eabi/lib/thumb/v7e-m/fpv4-sp/softfp\libc_nano.a(lib_a-exit.o)
 .debug_frame   0x00001b00       0x2c c:/siliconlabs/simplicitystudio/v4/developer/toolchains/gnu_arm/7.2_2017q4/bin/../lib/gcc/arm-none-eabi/7.2.1/../../../../arm-none-eabi/lib/thumb/v7e-m/fpv4-sp/softfp\libc_nano.a(lib_a-init.o)
 .debug_frame   0x00001b2c       0x20 c:/siliconlabs/simplicitystudio/v4/developer/toolchains/gnu_arm/7.2_2017q4/bin/../lib/gcc/arm-none-eabi/7.2.1/../../../../arm-none-eabi/lib/thumb/v7e-m/fpv4-sp/softfp\libc_nano.a(lib_a-memset.o)
 .debug_frame   0x00001b4c       0x20 c:/siliconlabs/simplicitystudio/v4/developer/toolchains/gnu_arm/7.2_2017q4/bin/../lib/gcc/arm-none-eabi/7.2.1/../../../../arm-none-eabi/lib/thumb/v7e-m/fpv4-sp/softfp\libnosys.a(_exit.o)
